Up to date
Welcome to Lambda Calculus Interpreter
\x.x \x.x z
