Welcome to Lambda Calculus Interpreter
\x.\y.y
\x.\y.y
\x.\y.x
\x.\y.x
\x.\y.x
\x.\y.y
\x.\y.x
\x.\y.y
